// Jest Snapshot v1, https://goo.gl/fbAQLP

exports[`Page render 1`] = `"<div>hello</div>"`;
